  Application.cpp
  Camera.cpp
  DebugGridLine.cpp
  DebugUI.cpp
  Game.cpp
  Bird.cpp
  Bomber.cpp
  Bullet.cpp
  Button.cpp
  Circle.cpp
  Cube.cpp
  Enemy.cpp
  Model.cpp
  Object.cpp
  Skydome.cpp
  Sphere.cpp
  Stone.cpp
  Theme.cpp
  GameSceneCrush.cpp
  GameSceneDodge.cpp
  GameSceneExe.cpp
  GameSceneSlice.cpp
  GameSceneText.cpp
  GameSceneWait.cpp
  ResultScene.cpp
  Scene.cpp
  TitleScene.cpp
  TransScene.cpp
  Fade.cpp
  TransitionBase.cpp
  Wipe.cpp
  Zoom.cpp
  Square.cpp
C:\Users\kodokeの世界\Desktop\HAL\VisualSutdio\就職作品\個人製作\FindWork\就職作品プロジェクト\02_ResourceFile\SceneFile\GameSceneWait.cpp(237,9): warning C4189: 'advancedTicks': ローカル変数が初期化されましたが、参照されていません
  (ソース ファイル '/02_ResourceFile/SceneFile/GameSceneWait.cpp' をコンパイルしています)
  
  就職作品プロジェクト.vcxproj -> C:\Users\kodokeの世界\Desktop\HAL\VisualSutdio\就職作品\個人製作\FindWork\就職作品プロジェクト\x64\Debug\NishiguchiGame.exe
